<?php

require%a%/vendor/autoload.php';

Testbench\Bootstrap::setup(__DIR__ . '/_temp', function (Nette\Configurator $configurator) {
	$configurator->addParameters([
		//'appDir' => __DIR__ . '/../src',
		//'testsDir' => __DIR__,
	]);

	$configurator->addConfig(__DIR__ . '/tests.neon');
});
